<h1>Interpolate + Evaluate + Static Text</h1>
<h2>Ca c'est un title</h2>
<ul>

	<li>nom1</li>

	<li>nom2</li>

</ul>