<h1>Two templating Schemes</h1>
<aside>Note how the non i18n templates stay for dynamic content</aside>
<h2>Ca c'est un title</h2>
<h3><%= data.testHeading %></h3>