<h1>Interpolate + Evaluate + Static Text</h1>
<h2>this is a sample heading</h2>
<ul>

	<li>name1</li>

	<li>name2</li>

</ul>